Component: ARM Compiler 6.16 Tool: armlink [5dfeaa00]

==============================================================================

Section Cross References

    function.o(.text.Adder) refers to function.o(.bss.num) for num
    function.o(.ARM.exidx.text.Adder) refers to function.o(.text.Adder) for [Anonymous Symbol]
    main.o(.text) refers to function.o(.text.Adder) for Adder
    main.o(.text) refers to function.o(.bss.num) for num
    startup_tm4c123.o(STACK) refers (Special) to heapauxi.o(.text) for __use_two_region_memory
    startup_tm4c123.o(HEAP) refers (Special) to heapauxi.o(.text) for __use_two_region_memory
    startup_tm4c123.o(RESET) refers (Special) to heapauxi.o(.text) for __use_two_region_memory
    startup_tm4c123.o(RESET) refers to startup_tm4c123.o(STACK) for __initial_sp
    startup_tm4c123.o(RESET) refers to startup_tm4c123.o(.text) for Reset_Handler
    startup_tm4c123.o(.text) refers (Special) to heapauxi.o(.text) for __use_two_region_memory
    startup_tm4c123.o(.text) refers to system_tm4c123.o(.text.SystemInit) for SystemInit
    startup_tm4c123.o(.text) refers to main.o(.text) for Main
    startup_tm4c123.o(.text) refers to startup_tm4c123.o(HEAP) for Heap_Mem
    startup_tm4c123.o(.text) refers to startup_tm4c123.o(STACK) for Stack_Mem
    system_tm4c123.o(.text.SystemCoreClockUpdate) refers to system_tm4c123.o(.text.getOscClk) for getOscClk
    system_tm4c123.o(.text.SystemCoreClockUpdate) refers to system_tm4c123.o(.data.SystemCoreClock) for SystemCoreClock
    system_tm4c123.o(.ARM.exidx.text.SystemCoreClockUpdate) refers to system_tm4c123.o(.text.SystemCoreClockUpdate) for [Anonymous Symbol]
    system_tm4c123.o(.text.getOscClk) refers to system_tm4c123.o(.rodata..Lswitch.table.getOscClk) for .Lswitch.table.getOscClk
    system_tm4c123.o(.ARM.exidx.text.getOscClk) refers to system_tm4c123.o(.text.getOscClk) for [Anonymous Symbol]
    system_tm4c123.o(.ARM.exidx.text.SystemInit) refers to system_tm4c123.o(.text.SystemInit) for [Anonymous Symbol]


==============================================================================

Removing Unused input sections from the image.

    Removing function.o(.text), (0 bytes).
    Removing function.o(.ARM.exidx.text.Adder), (8 bytes).
    Removing main.o(DATA), (0 bytes).
    Removing system_tm4c123.o(.text), (0 bytes).
    Removing system_tm4c123.o(.text.SystemCoreClockUpdate), (132 bytes).
    Removing system_tm4c123.o(.ARM.exidx.text.SystemCoreClockUpdate), (8 bytes).
    Removing system_tm4c123.o(.text.getOscClk), (56 bytes).
    Removing system_tm4c123.o(.ARM.exidx.text.getOscClk), (8 bytes).
    Removing system_tm4c123.o(.ARM.exidx.text.SystemInit), (8 bytes).
    Removing system_tm4c123.o(.data.SystemCoreClock), (4 bytes).
    Removing system_tm4c123.o(.rodata..Lswitch.table.getOscClk), (92 bytes).

11 unused section(s) (total 316 bytes) removed from the image.

==============================================================================

Image Symbol Table

    Local Symbols

    Symbol Name                              Value     Ov Type        Size  Object(Section)

    ../clib/heapaux.c                        0x00000000   Number         0  heapauxi.o ABSOLUTE
    RTE/Device/TM4C123GH6PM/startup_TM4C123.s 0x00000000   Number         0  startup_tm4c123.o ABSOLUTE
    dc.s                                     0x00000000   Number         0  dc.o ABSOLUTE
    function.c                               0x00000000   Number         0  function.o ABSOLUTE
    main.s                                   0x00000000   Number         0  main.o ABSOLUTE
    system_TM4C123.c                         0x00000000   Number         0  system_tm4c123.o ABSOLUTE
    RESET                                    0x00000000   Section      620  startup_tm4c123.o(RESET)
    $v0                                      0x0000026c   Number         0  main.o(.text)
    .text                                    0x0000026c   Section       16  main.o(.text)
    $v0                                      0x0000027c   Number         0  startup_tm4c123.o(.text)
    .text                                    0x0000027c   Section      276  startup_tm4c123.o(.text)
    .text                                    0x00000390   Section        0  heapauxi.o(.text)
    [Anonymous Symbol]                       0x00000398   Section        0  function.o(.text.Adder)
    [Anonymous Symbol]                       0x000003a8   Section        0  system_tm4c123.o(.text.SystemInit)
    Heap_Mem                                 0x20000008   Data           0  startup_tm4c123.o(HEAP)
    Stack_Mem                                0x20000008   Data         512  startup_tm4c123.o(STACK)
    HEAP                                     0x20000008   Section        0  startup_tm4c123.o(HEAP)
    STACK                                    0x20000008   Section      512  startup_tm4c123.o(STACK)
    __initial_sp                             0x20000208   Data           0  startup_tm4c123.o(STACK)

    Global Symbols

    Symbol Name                              Value     Ov Type        Size  Object(Section)

    BuildAttributes$$THM_ISAv4$E$P$D$K$B$S$7EM$VFPi3$EXTD16$VFPS$VFMA$PE$A:L22UL41UL21$X:L11$S22US41US21$IEEE1$IW$~IW$USESV6$~STKCKD$USESV7$~SHL$OTIME$ROPI$EBA8$STANDARDLIB$REQ8$PRES8$EABIv2 0x00000000   Number         0  anon$$obj.o ABSOLUTE
    __Vectors                                0x00000000   Data           4  startup_tm4c123.o(RESET)
    Main                                     0x0000026d   Thumb Code     0  main.o(.text)
    __Vectors_End                            0x0000026c   Data           0  startup_tm4c123.o(RESET)
    __Vectors_Size                           0x0000026c   Number         0  startup_tm4c123.o ABSOLUTE
    Reset_Handler                            0x0000027d   Thumb Code     8  startup_tm4c123.o(.text)
    NMI_Handler                              0x00000285   Thumb Code     2  startup_tm4c123.o(.text)
    HardFault_Handler                        0x00000287   Thumb Code     2  startup_tm4c123.o(.text)
    MemManage_Handler                        0x00000289   Thumb Code     2  startup_tm4c123.o(.text)
    BusFault_Handler                         0x0000028b   Thumb Code     2  startup_tm4c123.o(.text)
    UsageFault_Handler                       0x0000028d   Thumb Code     2  startup_tm4c123.o(.text)
    SVC_Handler                              0x0000028f   Thumb Code     2  startup_tm4c123.o(.text)
    DebugMon_Handler                         0x00000291   Thumb Code     2  startup_tm4c123.o(.text)
    PendSV_Handler                           0x00000293   Thumb Code     2  startup_tm4c123.o(.text)
    SysTick_Handler                          0x00000295   Thumb Code     2  startup_tm4c123.o(.text)
    GPIOA_Handler                            0x00000297   Thumb Code     2  startup_tm4c123.o(.text)
    GPIOB_Handler                            0x00000299   Thumb Code     2  startup_tm4c123.o(.text)
    GPIOC_Handler                            0x0000029b   Thumb Code     2  startup_tm4c123.o(.text)
    GPIOD_Handler                            0x0000029d   Thumb Code     2  startup_tm4c123.o(.text)
    GPIOE_Handler                            0x0000029f   Thumb Code     2  startup_tm4c123.o(.text)
    UART0_Handler                            0x000002a1   Thumb Code     2  startup_tm4c123.o(.text)
    UART1_Handler                            0x000002a3   Thumb Code     2  startup_tm4c123.o(.text)
    SSI0_Handler                             0x000002a5   Thumb Code     2  startup_tm4c123.o(.text)
    I2C0_Handler                             0x000002a7   Thumb Code     2  startup_tm4c123.o(.text)
    PMW0_FAULT_Handler                       0x000002a9   Thumb Code     2  startup_tm4c123.o(.text)
    PWM0_0_Handler                           0x000002ab   Thumb Code     2  startup_tm4c123.o(.text)
    PWM0_1_Handler                           0x000002ad   Thumb Code     2  startup_tm4c123.o(.text)
    PWM0_2_Handler                           0x000002af   Thumb Code     2  startup_tm4c123.o(.text)
    QEI0_Handler                             0x000002b1   Thumb Code     2  startup_tm4c123.o(.text)
    ADC0SS0_Handler                          0x000002b3   Thumb Code     2  startup_tm4c123.o(.text)
    ADC0SS1_Handler                          0x000002b5   Thumb Code     2  startup_tm4c123.o(.text)
    ADC0SS2_Handler                          0x000002b7   Thumb Code     2  startup_tm4c123.o(.text)
    ADC0SS3_Handler                          0x000002b9   Thumb Code     2  startup_tm4c123.o(.text)
    WDT0_Handler                             0x000002bb   Thumb Code     2  startup_tm4c123.o(.text)
    TIMER0A_Handler                          0x000002bd   Thumb Code     2  startup_tm4c123.o(.text)
    TIMER0B_Handler                          0x000002bf   Thumb Code     2  startup_tm4c123.o(.text)
    TIMER1A_Handler                          0x000002c1   Thumb Code     2  startup_tm4c123.o(.text)
    TIMER1B_Handler                          0x000002c3   Thumb Code     2  startup_tm4c123.o(.text)
    TIMER2A_Handler                          0x000002c5   Thumb Code     2  startup_tm4c123.o(.text)
    TIMER2B_Handler                          0x000002c7   Thumb Code     2  startup_tm4c123.o(.text)
    COMP0_Handler                            0x000002c9   Thumb Code     2  startup_tm4c123.o(.text)
    COMP1_Handler                            0x000002cb   Thumb Code     2  startup_tm4c123.o(.text)
    COMP2_Handler                            0x000002cd   Thumb Code     2  startup_tm4c123.o(.text)
    SYSCTL_Handler                           0x000002cf   Thumb Code     2  startup_tm4c123.o(.text)
    FLASH_Handler                            0x000002d1   Thumb Code     2  startup_tm4c123.o(.text)
    GPIOF_Handler                            0x000002d3   Thumb Code     2  startup_tm4c123.o(.text)
    GPIOG_Handler                            0x000002d5   Thumb Code     2  startup_tm4c123.o(.text)
    GPIOH_Handler                            0x000002d7   Thumb Code     2  startup_tm4c123.o(.text)
    UART2_Handler                            0x000002d9   Thumb Code     2  startup_tm4c123.o(.text)
    SSI1_Handler                             0x000002db   Thumb Code     2  startup_tm4c123.o(.text)
    TIMER3A_Handler                          0x000002dd   Thumb Code     2  startup_tm4c123.o(.text)
    TIMER3B_Handler                          0x000002df   Thumb Code     2  startup_tm4c123.o(.text)
    I2C1_Handler                             0x000002e1   Thumb Code     2  startup_tm4c123.o(.text)
    QEI1_Handler                             0x000002e3   Thumb Code     2  startup_tm4c123.o(.text)
    CAN0_Handler                             0x000002e5   Thumb Code     2  startup_tm4c123.o(.text)
    CAN1_Handler                             0x000002e7   Thumb Code     2  startup_tm4c123.o(.text)
    CAN2_Handler                             0x000002e9   Thumb Code     2  startup_tm4c123.o(.text)
    HIB_Handler                              0x000002eb   Thumb Code     2  startup_tm4c123.o(.text)
    USB0_Handler                             0x000002ed   Thumb Code     2  startup_tm4c123.o(.text)
    PWM0_3_Handler                           0x000002ef   Thumb Code     2  startup_tm4c123.o(.text)
    UDMA_Handler                             0x000002f1   Thumb Code     2  startup_tm4c123.o(.text)
    UDMAERR_Handler                          0x000002f3   Thumb Code     2  startup_tm4c123.o(.text)
    ADC1SS0_Handler                          0x000002f5   Thumb Code     2  startup_tm4c123.o(.text)
    ADC1SS1_Handler                          0x000002f7   Thumb Code     2  startup_tm4c123.o(.text)
    ADC1SS2_Handler                          0x000002f9   Thumb Code     2  startup_tm4c123.o(.text)
    ADC1SS3_Handler                          0x000002fb   Thumb Code     2  startup_tm4c123.o(.text)
    GPIOJ_Handler                            0x000002fd   Thumb Code     2  startup_tm4c123.o(.text)
    GPIOK_Handler                            0x000002ff   Thumb Code     2  startup_tm4c123.o(.text)
    GPIOL_Handler                            0x00000301   Thumb Code     2  startup_tm4c123.o(.text)
    SSI2_Handler                             0x00000303   Thumb Code     2  startup_tm4c123.o(.text)
    SSI3_Handler                             0x00000305   Thumb Code     2  startup_tm4c123.o(.text)
    UART3_Handler                            0x00000307   Thumb Code     2  startup_tm4c123.o(.text)
    UART4_Handler                            0x00000309   Thumb Code     2  startup_tm4c123.o(.text)
    UART5_Handler                            0x0000030b   Thumb Code     2  startup_tm4c123.o(.text)
    UART6_Handler                            0x0000030d   Thumb Code     2  startup_tm4c123.o(.text)
    UART7_Handler                            0x0000030f   Thumb Code     2  startup_tm4c123.o(.text)
    I2C2_Handler                             0x00000311   Thumb Code     2  startup_tm4c123.o(.text)
    I2C3_Handler                             0x00000313   Thumb Code     2  startup_tm4c123.o(.text)
    TIMER4A_Handler                          0x00000315   Thumb Code     2  startup_tm4c123.o(.text)
    TIMER4B_Handler                          0x00000317   Thumb Code     2  startup_tm4c123.o(.text)
    TIMER5A_Handler                          0x00000319   Thumb Code     2  startup_tm4c123.o(.text)
    TIMER5B_Handler                          0x0000031b   Thumb Code     2  startup_tm4c123.o(.text)
    WTIMER0A_Handler                         0x0000031d   Thumb Code     2  startup_tm4c123.o(.text)
    WTIMER0B_Handler                         0x0000031f   Thumb Code     2  startup_tm4c123.o(.text)
    WTIMER1A_Handler                         0x00000321   Thumb Code     2  startup_tm4c123.o(.text)
    WTIMER1B_Handler                         0x00000323   Thumb Code     2  startup_tm4c123.o(.text)
    WTIMER2A_Handler                         0x00000325   Thumb Code     2  startup_tm4c123.o(.text)
    WTIMER2B_Handler                         0x00000327   Thumb Code     2  startup_tm4c123.o(.text)
    WTIMER3A_Handler                         0x00000329   Thumb Code     2  startup_tm4c123.o(.text)
    WTIMER3B_Handler                         0x0000032b   Thumb Code     2  startup_tm4c123.o(.text)
    WTIMER4A_Handler                         0x0000032d   Thumb Code     2  startup_tm4c123.o(.text)
    WTIMER4B_Handler                         0x0000032f   Thumb Code     2  startup_tm4c123.o(.text)
    WTIMER5A_Handler                         0x00000331   Thumb Code     2  startup_tm4c123.o(.text)
    WTIMER5B_Handler                         0x00000333   Thumb Code     2  startup_tm4c123.o(.text)
    FPU_Handler                              0x00000335   Thumb Code     2  startup_tm4c123.o(.text)
    I2C4_Handler                             0x00000337   Thumb Code     2  startup_tm4c123.o(.text)
    I2C5_Handler                             0x00000339   Thumb Code     2  startup_tm4c123.o(.text)
    GPIOM_Handler                            0x0000033b   Thumb Code     2  startup_tm4c123.o(.text)
    GPION_Handler                            0x0000033d   Thumb Code     2  startup_tm4c123.o(.text)
    QEI2_Handler                             0x0000033f   Thumb Code     2  startup_tm4c123.o(.text)
    GPIOP0_Handler                           0x00000341   Thumb Code     2  startup_tm4c123.o(.text)
    GPIOP1_Handler                           0x00000343   Thumb Code     2  startup_tm4c123.o(.text)
    GPIOP2_Handler                           0x00000345   Thumb Code     2  startup_tm4c123.o(.text)
    GPIOP3_Handler                           0x00000347   Thumb Code     2  startup_tm4c123.o(.text)
    GPIOP4_Handler                           0x00000349   Thumb Code     2  startup_tm4c123.o(.text)
    GPIOP5_Handler                           0x0000034b   Thumb Code     2  startup_tm4c123.o(.text)
    GPIOP6_Handler                           0x0000034d   Thumb Code     2  startup_tm4c123.o(.text)
    GPIOP7_Handler                           0x0000034f   Thumb Code     2  startup_tm4c123.o(.text)
    GPIOQ0_Handler                           0x00000351   Thumb Code     2  startup_tm4c123.o(.text)
    GPIOQ1_Handler                           0x00000353   Thumb Code     2  startup_tm4c123.o(.text)
    GPIOQ2_Handler                           0x00000355   Thumb Code     2  startup_tm4c123.o(.text)
    GPIOQ3_Handler                           0x00000357   Thumb Code     2  startup_tm4c123.o(.text)
    GPIOQ4_Handler                           0x00000359   Thumb Code     2  startup_tm4c123.o(.text)
    GPIOQ5_Handler                           0x0000035b   Thumb Code     2  startup_tm4c123.o(.text)
    GPIOQ6_Handler                           0x0000035d   Thumb Code     2  startup_tm4c123.o(.text)
    GPIOQ7_Handler                           0x0000035f   Thumb Code     2  startup_tm4c123.o(.text)
    GPIOR_Handler                            0x00000361   Thumb Code     2  startup_tm4c123.o(.text)
    GPIOS_Handler                            0x00000363   Thumb Code     2  startup_tm4c123.o(.text)
    PMW1_0_Handler                           0x00000365   Thumb Code     2  startup_tm4c123.o(.text)
    PWM1_1_Handler                           0x00000367   Thumb Code     2  startup_tm4c123.o(.text)
    PWM1_2_Handler                           0x00000369   Thumb Code     2  startup_tm4c123.o(.text)
    PWM1_3_Handler                           0x0000036b   Thumb Code     2  startup_tm4c123.o(.text)
    PWM1_FAULT_Handler                       0x0000036d   Thumb Code     2  startup_tm4c123.o(.text)
    __user_initial_stackheap                 0x00000371   Thumb Code     0  startup_tm4c123.o(.text)
    __use_two_region_memory                  0x00000391   Thumb Code     2  heapauxi.o(.text)
    __rt_heap_escrow$2region                 0x00000393   Thumb Code     2  heapauxi.o(.text)
    __rt_heap_expand$2region                 0x00000395   Thumb Code     2  heapauxi.o(.text)
    Adder                                    0x00000399   Thumb Code    16  function.o(.text.Adder)
    SystemInit                               0x000003a9   Thumb Code   112  system_tm4c123.o(.text.SystemInit)
    num                                      0x20000000   Data           4  function.o(.bss.num)



==============================================================================

Memory Map of the image

  Image Entry point : 0x0000027d

  Load Region LR_1 (Base: 0x00000000, Size: 0x00000418, Max: 0xffffffff, ABSOLUTE)

    Execution Region ER_RO (Exec base: 0x00000000, Load base: 0x00000000, Size: 0x00000418, Max: 0xffffffff, ABSOLUTE)

    Exec Addr    Load Addr    Size         Type   Attr      Idx    E Section Name        Object

    0x00000000   0x00000000   0x0000026c   Data   RO           18    RESET               startup_tm4c123.o
    0x0000026c   0x0000026c   0x00000010   Code   RO           11    .text               main.o
    0x0000027c   0x0000027c   0x00000114   Code   RO           19  * .text               startup_tm4c123.o
    0x00000390   0x00000390   0x00000006   Code   RO           41    .text               c_w.l(heapauxi.o)
    0x00000396   0x00000396   0x00000002   PAD
    0x00000398   0x00000398   0x00000010   Code   RO            2    .text.Adder         function.o
    0x000003a8   0x000003a8   0x00000070   Code   RO           28    .text.SystemInit    system_tm4c123.o


    Execution Region ER_RW (Exec base: 0x20000000, Load base: 0x00000418, Size: 0x00000000, Max: 0xffffffff, ABSOLUTE)

    **** No section assigned to this execution region ****


    Execution Region ER_ZI (Exec base: 0x20000000, Load base: 0x00000418, Size: 0x00000208, Max: 0xffffffff, ABSOLUTE)

    Exec Addr    Load Addr    Size         Type   Attr      Idx    E Section Name        Object

    0x20000000        -       0x00000004   Zero   RW            4    .bss.num            function.o
    0x20000004   0x00000418   0x00000004   PAD
    0x20000008        -       0x00000000   Zero   RW           17    HEAP                startup_tm4c123.o
    0x20000008        -       0x00000200   Zero   RW           16    STACK               startup_tm4c123.o


==============================================================================

Image component sizes


      Code (inc. data)   RO Data    RW Data    ZI Data      Debug   Object Name

        16          0          0          0          4        505   function.o
        16          4          0          0          0        232   main.o
       276         24        620          0        512       5436   startup_tm4c123.o
       112          0          0          0          0       6521   system_tm4c123.o

    ----------------------------------------------------------------------
       420         28        620          0        520      12694   Object Totals
         0          0          0          0          0          0   (incl. Generated)
         0          0          0          0          4          0   (incl. Padding)

    ----------------------------------------------------------------------

      Code (inc. data)   RO Data    RW Data    ZI Data      Debug   Library Member Name

         6          0          0          0          0        152   heapauxi.o

    ----------------------------------------------------------------------
         8          0          0          0          0        152   Library Totals
         2          0          0          0          0          0   (incl. Padding)

    ----------------------------------------------------------------------

      Code (inc. data)   RO Data    RW Data    ZI Data      Debug   Library Name

         6          0          0          0          0        152   c_w.l

    ----------------------------------------------------------------------
         8          0          0          0          0        152   Library Totals

    ----------------------------------------------------------------------

==============================================================================


      Code (inc. data)   RO Data    RW Data    ZI Data      Debug   

       428         28        620          0        520      12826   Grand Totals
       428         28        620          0        520      12826   ELF Image Totals
       428         28        620          0          0          0   ROM Totals

==============================================================================

    Total RO  Size (Code + RO Data)                 1048 (   1.02kB)
    Total RW  Size (RW Data + ZI Data)               520 (   0.51kB)
    Total ROM Size (Code + RO Data + RW Data)       1048 (   1.02kB)

==============================================================================

